// Jest Snapshot v1, https://goo.gl/fbAQLP

exports[`ComponentHeader renders correctly 1`] = `
<ForwardRef
  noGutters={false}
  style={
    Object {
      "padding": "2em 0 0 0",
    }
  }
>
  <div>
    <p
      className="text-l"
      style={
        Object {
          "fontWeight": "bold",
          "marginBottom": "0",
          "paddingLeft": ".1em",
          "textAlign": "left",
        }
      }
    >
      Test
    </p>
  </div>
  <div
    style={
      Object {
        "width": "100%",
      }
    }
  >
    <hr
      style={
        Object {
          "borderTop": "1px solid #fff",
          "margin": "0 0 2em 0",
        }
      }
    />
  </div>
</ForwardRef>
`;
