// Jest Snapshot v1, https://goo.gl/fbAQLP

exports[`OrdinalCircle renders correctly 1`] = `
<div
  style={
    Object {
      "background": "#191414",
      "border": "1px solid white",
      "borderRadius": "12px",
      "fontSize": "12px",
      "fontWeight": "bold",
      "height": "20px",
      "left": "-10px",
      "position": "absolute",
      "textAlign": "center",
      "top": "-10px",
      "width": "20px",
      "zIndex": "25",
    }
  }
>
  1
</div>
`;
