// Jest Snapshot v1, https://goo.gl/fbAQLP

exports[`Statistics renders correctly 1`] = `
<div>
  <ForwardRef
    noGutters={false}
  />
  <ForwardRef
    noGutters={false}
  >
    <Col
      md={4}
      xs={12}
    >
      <Statistic
        title="Decades"
      >
        <ForwardRef
          className="justify-content-center"
          noGutters={false}
        >
          <Col
            md={12}
            xs={9}
          >
            <Donut
              items={Array []}
            />
          </Col>
        </ForwardRef>
      </Statistic>
    </Col>
    <Col
      md={8}
      xs={12}
    >
      <Statistic
        title="Features"
      >
        <Radar
          features={Array []}
        />
      </Statistic>
    </Col>
  </ForwardRef>
</div>
`;
